Looking in indexes: https://download.pytorch.org/whl/cu118
Collecting torch==2.1.0
  Using cached torch-2.1.0%2Bcu118-cp310-cp310-linux_x86_64.whl (2325.9 MB)
Collecting torchvision
  Downloading torchvision-0.22.1%2Bcu118-cp310-cp310-manylinux_2_28_x86_64.whl.metadata (6.1 kB)
Collecting torchaudio
  Downloading torchaudio-2.7.1%2Bcu118-cp310-cp310-manylinux_2_28_x86_64.whl.metadata (6.6 kB)
Requirement already satisfied: filelock in /home/fzliang/.local/lib/python3.10/site-packages (from torch==2.1.0) (3.29.4)
Collecting typing-extensions (from torch==2.1.0)
  Using cached typing_extensions-4.15.0-py3-none-any.whl.metadata (3.3 kB)
Collecting sympy (from torch==2.1.0)
  Using cached sympy-1.14.0-py3-none-any.whl.metadata (12 kB)
Collecting networkx (from torch==2.1.0)
  Using cached networkx-3.4.2-py3-none-any.whl.metadata (6.3 kB)
Collecting jinja2 (from torch==2.1.0)
  Using cached jinja2-3.1.6-py3-none-any.whl.metadata (2.9 kB)
Collecting fsspec (from torch==2.1.0)
  Downloading fsspec-2026.4.0-py3-none-any.whl.metadata (10 kB)
Collecting triton==2.1.0 (from torch==2.1.0)
  Using cached triton-2.1.0-0-cp310-cp310-manylinux2014_x86_64.manylinux_2_17_x86_64.whl (89.2 MB)
Collecting numpy (from torchvision)
  Using cached numpy-2.2.6-cp310-cp310-manylinux_2_17_x86_64.manylinux2014_x86_64.whl.metadata (62 kB)
INFO: pip is looking at multiple versions of torchvision to determine which version is compatible with other requirements. This could take a while.
Collecting torchvision
  Downloading torchvision-0.22.0%2Bcu118-cp310-cp310-manylinux_2_28_x86_64.whl.metadata (6.1 kB)
  Downloading torchvision-0.21.0%2Bcu118-cp310-cp310-linux_x86_64.whl.metadata (6.1 kB)
  Downloading torchvision-0.20.1%2Bcu118-cp310-cp310-linux_x86_64.whl (6.5 MB)
     ━━━━━━━━━━━━━━━━━━━━━━━━━━━━━━━━━━━━━━━━ 6.5/6.5 MB 67.3 MB/s  0:00:00
  Downloading torchvision-0.20.0%2Bcu118-cp310-cp310-linux_x86_64.whl (6.5 MB)
     ━━━━━━━━━━━━━━━━━━━━━━━━━━━━━━━━━━━━━━━━ 6.5/6.5 MB 64.4 MB/s  0:00:00
  Downloading torchvision-0.19.1%2Bcu118-cp310-cp310-linux_x86_64.whl (6.3 MB)
     ━━━━━━━━━━━━━━━━━━━━━━━━━━━━━━━━━━━━━━━━ 6.3/6.3 MB 71.2 MB/s  0:00:00
  Using cached torchvision-0.19.0%2Bcu118-cp310-cp310-linux_x86_64.whl (6.3 MB)
  Downloading torchvision-0.18.1%2Bcu118-cp310-cp310-linux_x86_64.whl (6.3 MB)
     ━━━━━━━━━━━━━━━━━━━━━━━━━━━━━━━━━━━━━━━━ 6.3/6.3 MB 64.1 MB/s  0:00:00
INFO: pip is still looking at multiple versions of torchvision to determine which version is compatible with other requirements. This could take a while.
  Downloading torchvision-0.18.0%2Bcu118-cp310-cp310-linux_x86_64.whl (6.3 MB)
     ━━━━━━━━━━━━━━━━━━━━━━━━━━━━━━━━━━━━━━━━ 6.3/6.3 MB 68.1 MB/s  0:00:00
  Downloading torchvision-0.17.2%2Bcu118-cp310-cp310-linux_x86_64.whl (6.2 MB)
     ━━━━━━━━━━━━━━━━━━━━━━━━━━━━━━━━━━━━━━━━ 6.2/6.2 MB 69.2 MB/s  0:00:00
  Downloading torchvision-0.17.1%2Bcu118-cp310-cp310-linux_x86_64.whl (6.2 MB)
     ━━━━━━━━━━━━━━━━━━━━━━━━━━━━━━━━━━━━━━━━ 6.2/6.2 MB 70.4 MB/s  0:00:00
  Downloading torchvision-0.17.0%2Bcu118-cp310-cp310-linux_x86_64.whl (6.2 MB)
     ━━━━━━━━━━━━━━━━━━━━━━━━━━━━━━━━━━━━━━━━ 6.2/6.2 MB 63.3 MB/s  0:00:00
Collecting requests (from torchvision)
  Using cached requests-2.28.1-py3-none-any.whl (62 kB)
Collecting torchvision
  Downloading torchvision-0.16.2%2Bcu118-cp310-cp310-linux_x86_64.whl (6.1 MB)
     ━━━━━━━━━━━━━━━━━━━━━━━━━━━━━━━━━━━━━━━━ 6.1/6.1 MB 70.1 MB/s  0:00:00
INFO: This is taking longer than usual. You might need to provide the dependency resolver with stricter constraints to reduce runtime. See https://pip.pypa.io/warnings/backtracking for guidance. If you want to abort this run, press Ctrl + C.
  Downloading torchvision-0.16.1%2Bcu118-cp310-cp310-linux_x86_64.whl (6.1 MB)
     ━━━━━━━━━━━━━━━━━━━━━━━━━━━━━━━━━━━━━━━━ 6.1/6.1 MB 68.8 MB/s  0:00:00
  Using cached torchvision-0.16.0%2Bcu118-cp310-cp310-linux_x86_64.whl (6.2 MB)
Collecting pillow!=8.3.*,>=5.3.0 (from torchvision)
  Downloading pillow-12.2.0-cp310-cp310-manylinux_2_27_x86_64.manylinux_2_28_x86_64.whl.metadata (8.8 kB)
INFO: pip is looking at multiple versions of torchaudio to determine which version is compatible with other requirements. This could take a while.
Collecting torchaudio
  Downloading torchaudio-2.7.0%2Bcu118-cp310-cp310-manylinux_2_28_x86_64.whl.metadata (6.6 kB)
  Downloading torchaudio-2.6.0%2Bcu118-cp310-cp310-linux_x86_64.whl.metadata (6.6 kB)
  Downloading torchaudio-2.5.1%2Bcu118-cp310-cp310-linux_x86_64.whl (3.3 MB)
     ━━━━━━━━━━━━━━━━━━━━━━━━━━━━━━━━━━━━━━━━ 3.3/3.3 MB 65.4 MB/s  0:00:00
  Downloading torchaudio-2.5.0%2Bcu118-cp310-cp310-linux_x86_64.whl (3.3 MB)
     ━━━━━━━━━━━━━━━━━━━━━━━━━━━━━━━━━━━━━━━━ 3.3/3.3 MB 64.4 MB/s  0:00:00
  Downloading torchaudio-2.4.1%2Bcu118-cp310-cp310-linux_x86_64.whl (3.3 MB)
     ━━━━━━━━━━━━━━━━━━━━━━━━━━━━━━━━━━━━━━━━ 3.3/3.3 MB 68.0 MB/s  0:00:00
  Downloading torchaudio-2.4.0%2Bcu118-cp310-cp310-linux_x86_64.whl (3.3 MB)
     ━━━━━━━━━━━━━━━━━━━━━━━━━━━━━━━━━━━━━━━━ 3.3/3.3 MB 66.0 MB/s  0:00:00
  Downloading torchaudio-2.3.1%2Bcu118-cp310-cp310-linux_x86_64.whl (3.3 MB)
     ━━━━━━━━━━━━━━━━━━━━━━━━━━━━━━━━━━━━━━━━ 3.3/3.3 MB 67.4 MB/s  0:00:00
INFO: pip is still looking at multiple versions of torchaudio to determine which version is compatible with other requirements. This could take a while.
  Downloading torchaudio-2.3.0%2Bcu118-cp310-cp310-linux_x86_64.whl (3.3 MB)
     ━━━━━━━━━━━━━━━━━━━━━━━━━━━━━━━━━━━━━━━━ 3.3/3.3 MB 65.7 MB/s  0:00:00
  Downloading torchaudio-2.2.2%2Bcu118-cp310-cp310-linux_x86_64.whl (3.3 MB)
     ━━━━━━━━━━━━━━━━━━━━━━━━━━━━━━━━━━━━━━━━ 3.3/3.3 MB 59.4 MB/s  0:00:00
  Downloading torchaudio-2.2.1%2Bcu118-cp310-cp310-linux_x86_64.whl (3.3 MB)
     ━━━━━━━━━━━━━━━━━━━━━━━━━━━━━━━━━━━━━━━━ 3.3/3.3 MB 67.1 MB/s  0:00:00
  Downloading torchaudio-2.2.0%2Bcu118-cp310-cp310-linux_x86_64.whl (3.3 MB)
     ━━━━━━━━━━━━━━━━━━━━━━━━━━━━━━━━━━━━━━━━ 3.3/3.3 MB 67.0 MB/s  0:00:00
  Downloading torchaudio-2.1.2%2Bcu118-cp310-cp310-linux_x86_64.whl (3.2 MB)
     ━━━━━━━━━━━━━━━━━━━━━━━━━━━━━━━━━━━━━━━━ 3.2/3.2 MB 65.2 MB/s  0:00:00
INFO: This is taking longer than usual. You might need to provide the dependency resolver with stricter constraints to reduce runtime. See https://pip.pypa.io/warnings/backtracking for guidance. If you want to abort this run, press Ctrl + C.
  Downloading torchaudio-2.1.1%2Bcu118-cp310-cp310-linux_x86_64.whl (3.2 MB)
     ━━━━━━━━━━━━━━━━━━━━━━━━━━━━━━━━━━━━━━━━ 3.2/3.2 MB 60.8 MB/s  0:00:00
  Downloading torchaudio-2.1.0%2Bcu118-cp310-cp310-linux_x86_64.whl (3.2 MB)
     ━━━━━━━━━━━━━━━━━━━━━━━━━━━━━━━━━━━━━━━━ 3.2/3.2 MB 61.2 MB/s  0:00:00
Collecting MarkupSafe>=2.0 (from jinja2->torch==2.1.0)
  Using cached markupsafe-3.0.3-cp310-cp310-manylinux2014_x86_64.manylinux_2_17_x86_64.manylinux_2_28_x86_64.whl.metadata (2.7 kB)
Collecting charset-normalizer<3,>=2 (from requests->torchvision)
  Using cached charset_normalizer-2.1.1-py3-none-any.whl (39 kB)
Collecting idna<4,>=2.5 (from requests->torchvision)
  Using cached idna-3.4-py3-none-any.whl (61 kB)
Collecting urllib3<1.27,>=1.21.1 (from requests->torchvision)
  Using cached urllib3-1.26.13-py2.py3-none-any.whl (140 kB)
Collecting certifi>=2017.4.17 (from requests->torchvision)
  Using cached certifi-2022.12.7-py3-none-any.whl (155 kB)
Collecting mpmath<1.4,>=1.1.0 (from sympy->torch==2.1.0)
  Using cached mpmath-1.3.0-py3-none-any.whl.metadata (8.6 kB)
Downloading pillow-12.2.0-cp310-cp310-manylinux_2_27_x86_64.manylinux_2_28_x86_64.whl (7.1 MB)
   ━━━━━━━━━━━━━━━━━━━━━━━━━━━━━━━━━━━━━━━━ 7.1/7.1 MB 33.9 MB/s  0:00:00
Downloading fsspec-2026.4.0-py3-none-any.whl (203 kB)
Using cached jinja2-3.1.6-py3-none-any.whl (134 kB)
Using cached markupsafe-3.0.3-cp310-cp310-manylinux2014_x86_64.manylinux_2_17_x86_64.manylinux_2_28_x86_64.whl (20 kB)
Using cached networkx-3.4.2-py3-none-any.whl (1.7 MB)
Using cached numpy-2.2.6-cp310-cp310-manylinux_2_17_x86_64.manylinux2014_x86_64.whl (16.8 MB)
Using cached sympy-1.14.0-py3-none-any.whl (6.3 MB)
Using cached mpmath-1.3.0-py3-none-any.whl (536 kB)
Using cached typing_extensions-4.15.0-py3-none-any.whl (44 kB)
Installing collected packages: mpmath, urllib3, typing-extensions, triton, sympy, pillow, numpy, networkx, MarkupSafe, idna, fsspec, charset-normalizer, certifi, requests, jinja2, torch, torchvision, torchaudio

ERROR: pip's dependency resolver does not currently take into account all the packages that are installed. This behaviour is the source of the following dependency conflicts.
gdown 5.2.1 requires beautifulsoup4, which is not installed.
Successfully installed MarkupSafe-3.0.3 certifi-2022.12.7 charset-normalizer-2.1.1 fsspec-2026.4.0 idna-3.4 jinja2-3.1.6 mpmath-1.3.0 networkx-3.4.2 numpy-2.2.6 pillow-12.2.0 requests-2.28.1 sympy-1.14.0 torch-2.1.0+cu118 torchaudio-2.1.0+cu118 torchvision-0.16.0+cu118 triton-2.1.0 typing-extensions-4.15.0 urllib3-1.26.13
