Requirement already satisfied: torch>=2.0.0 in /home/fzliang/miniconda3/envs/mobind_repro/lib/python3.10/site-packages (from -r requirements.txt (line 1)) (2.1.0+cu118)
Requirement already satisfied: torchvision in /home/fzliang/miniconda3/envs/mobind_repro/lib/python3.10/site-packages (from -r requirements.txt (line 2)) (0.16.0+cu118)
Requirement already satisfied: numpy in /home/fzliang/miniconda3/envs/mobind_repro/lib/python3.10/site-packages (from -r requirements.txt (line 3)) (2.2.6)
Collecting scipy (from -r requirements.txt (line 4))
  Using cached scipy-1.15.3-cp310-cp310-manylinux_2_17_x86_64.manylinux2014_x86_64.whl.metadata (61 kB)
Collecting pandas (from -r requirements.txt (line 5))
  Using cached pandas-2.3.3-cp310-cp310-manylinux_2_24_x86_64.manylinux_2_28_x86_64.whl.metadata (91 kB)
Collecting omegaconf (from -r requirements.txt (line 6))
  Downloading omegaconf-2.3.1-py3-none-any.whl.metadata (4.5 kB)
Collecting wandb (from -r requirements.txt (line 7))
  Downloading wandb-0.28.0-py3-none-manylinux_2_28_x86_64.whl.metadata (11 kB)
Requirement already satisfied: tqdm in /home/fzliang/.local/lib/python3.10/site-packages (from -r requirements.txt (line 8)) (4.67.3)
Collecting matplotlib (from -r requirements.txt (line 9))
  Downloading matplotlib-3.10.9-cp310-cp310-manylinux2014_x86_64.manylinux_2_17_x86_64.whl.metadata (52 kB)
Collecting seaborn (from -r requirements.txt (line 10))
  Using cached seaborn-0.13.2-py3-none-any.whl.metadata (5.4 kB)
Collecting opencv-python (from -r requirements.txt (line 11))
  Using cached opencv_python-4.13.0.92-cp37-abi3-manylinux_2_28_x86_64.whl.metadata (19 kB)
Requirement already satisfied: filelock in /home/fzliang/.local/lib/python3.10/site-packages (from torch>=2.0.0->-r requirements.txt (line 1)) (3.29.4)
Requirement already satisfied: typing-extensions in /home/fzliang/miniconda3/envs/mobind_repro/lib/python3.10/site-packages (from torch>=2.0.0->-r requirements.txt (line 1)) (4.15.0)
Requirement already satisfied: sympy in /home/fzliang/miniconda3/envs/mobind_repro/lib/python3.10/site-packages (from torch>=2.0.0->-r requirements.txt (line 1)) (1.14.0)
Requirement already satisfied: networkx in /home/fzliang/miniconda3/envs/mobind_repro/lib/python3.10/site-packages (from torch>=2.0.0->-r requirements.txt (line 1)) (3.4.2)
Requirement already satisfied: jinja2 in /home/fzliang/miniconda3/envs/mobind_repro/lib/python3.10/site-packages (from torch>=2.0.0->-r requirements.txt (line 1)) (3.1.6)
Requirement already satisfied: fsspec in /home/fzliang/miniconda3/envs/mobind_repro/lib/python3.10/site-packages (from torch>=2.0.0->-r requirements.txt (line 1)) (2026.4.0)
Requirement already satisfied: triton==2.1.0 in /home/fzliang/miniconda3/envs/mobind_repro/lib/python3.10/site-packages (from torch>=2.0.0->-r requirements.txt (line 1)) (2.1.0)
Requirement already satisfied: requests in /home/fzliang/miniconda3/envs/mobind_repro/lib/python3.10/site-packages (from torchvision->-r requirements.txt (line 2)) (2.28.1)
Requirement already satisfied: pillow!=8.3.*,>=5.3.0 in /home/fzliang/miniconda3/envs/mobind_repro/lib/python3.10/site-packages (from torchvision->-r requirements.txt (line 2)) (12.2.0)
Collecting python-dateutil>=2.8.2 (from pandas->-r requirements.txt (line 5))
  Using cached python_dateutil-2.9.0.post0-py2.py3-none-any.whl.metadata (8.4 kB)
Collecting pytz>=2020.1 (from pandas->-r requirements.txt (line 5))
  Downloading pytz-2026.2-py2.py3-none-any.whl.metadata (22 kB)
Collecting tzdata>=2022.7 (from pandas->-r requirements.txt (line 5))
  Downloading tzdata-2026.2-py2.py3-none-any.whl.metadata (1.4 kB)
Collecting antlr4-python3-runtime==4.9.* (from omegaconf->-r requirements.txt (line 6))
  Downloading antlr4-python3-runtime-4.9.3.tar.gz (117 kB)
  Installing build dependencies: started
  Installing build dependencies: finished with status 'done'
  Getting requirements to build wheel: started
  Getting requirements to build wheel: finished with status 'done'
  Preparing metadata (pyproject.toml): started
  Preparing metadata (pyproject.toml): finished with status 'done'
Collecting PyYAML>=5.1.0 (from omegaconf->-r requirements.txt (line 6))
  Using cached pyyaml-6.0.3-cp310-cp310-manylinux2014_x86_64.manylinux_2_17_x86_64.manylinux_2_28_x86_64.whl.metadata (2.4 kB)
Collecting click>=8.2.0 (from wandb->-r requirements.txt (line 7))
  Downloading click-8.4.1-py3-none-any.whl.metadata (2.6 kB)
Collecting gitpython!=3.1.29,>=1.0.0 (from wandb->-r requirements.txt (line 7))
  Downloading gitpython-3.1.50-py3-none-any.whl.metadata (14 kB)
Requirement already satisfied: packaging in /home/fzliang/miniconda3/envs/mobind_repro/lib/python3.10/site-packages (from wandb->-r requirements.txt (line 7)) (26.2)
Collecting platformdirs (from wandb->-r requirements.txt (line 7))
  Downloading platformdirs-4.10.0-py3-none-any.whl.metadata (5.5 kB)
Collecting protobuf!=5.28.0,!=5.29.0,<8,>4.21.0 (from wandb->-r requirements.txt (line 7))
  Downloading protobuf-7.35.1-cp310-abi3-manylinux2014_x86_64.whl.metadata (595 bytes)
Collecting pydantic<3,>=2.6 (from wandb->-r requirements.txt (line 7))
  Downloading pydantic-2.13.4-py3-none-any.whl.metadata (109 kB)
Collecting sentry-sdk>=2.0.0 (from wandb->-r requirements.txt (line 7))
  Downloading sentry_sdk-2.63.0-py3-none-any.whl.metadata (10 kB)
Collecting annotated-types>=0.6.0 (from pydantic<3,>=2.6->wandb->-r requirements.txt (line 7))
  Using cached annotated_types-0.7.0-py3-none-any.whl.metadata (15 kB)
Collecting pydantic-core==2.46.4 (from pydantic<3,>=2.6->wandb->-r requirements.txt (line 7))
  Downloading pydantic_core-2.46.4-cp310-cp310-manylinux_2_17_x86_64.manylinux2014_x86_64.whl.metadata (6.6 kB)
Collecting typing-inspection>=0.4.2 (from pydantic<3,>=2.6->wandb->-r requirements.txt (line 7))
  Using cached typing_inspection-0.4.2-py3-none-any.whl.metadata (2.6 kB)
Requirement already satisfied: charset-normalizer<3,>=2 in /home/fzliang/miniconda3/envs/mobind_repro/lib/python3.10/site-packages (from requests->torchvision->-r requirements.txt (line 2)) (2.1.1)
Requirement already satisfied: idna<4,>=2.5 in /home/fzliang/miniconda3/envs/mobind_repro/lib/python3.10/site-packages (from requests->torchvision->-r requirements.txt (line 2)) (3.4)
Requirement already satisfied: urllib3<1.27,>=1.21.1 in /home/fzliang/miniconda3/envs/mobind_repro/lib/python3.10/site-packages (from requests->torchvision->-r requirements.txt (line 2)) (1.26.13)
Requirement already satisfied: certifi>=2017.4.17 in /home/fzliang/miniconda3/envs/mobind_repro/lib/python3.10/site-packages (from requests->torchvision->-r requirements.txt (line 2)) (2022.12.7)
Collecting contourpy>=1.0.1 (from matplotlib->-r requirements.txt (line 9))
  Using cached contourpy-1.3.2-cp310-cp310-manylinux_2_17_x86_64.manylinux2014_x86_64.whl.metadata (5.5 kB)
Collecting cycler>=0.10 (from matplotlib->-r requirements.txt (line 9))
  Using cached cycler-0.12.1-py3-none-any.whl.metadata (3.8 kB)
Collecting fonttools>=4.22.0 (from matplotlib->-r requirements.txt (line 9))
  Downloading fonttools-4.63.0-cp310-cp310-manylinux2014_x86_64.manylinux_2_17_x86_64.whl.metadata (118 kB)
Collecting kiwisolver>=1.3.1 (from matplotlib->-r requirements.txt (line 9))
  Using cached kiwisolver-1.5.0-cp310-cp310-manylinux_2_12_x86_64.manylinux2010_x86_64.whl.metadata (5.1 kB)
Collecting pyparsing>=3 (from matplotlib->-r requirements.txt (line 9))
  Using cached pyparsing-3.3.2-py3-none-any.whl.metadata (5.8 kB)
Collecting gitdb<5,>=4.0.1 (from gitpython!=3.1.29,>=1.0.0->wandb->-r requirements.txt (line 7))
  Downloading gitdb-4.0.12-py3-none-any.whl.metadata (1.2 kB)
Collecting smmap<6,>=3.0.1 (from gitdb<5,>=4.0.1->gitpython!=3.1.29,>=1.0.0->wandb->-r requirements.txt (line 7))
  Downloading smmap-5.0.3-py3-none-any.whl.metadata (4.6 kB)
Collecting six>=1.5 (from python-dateutil>=2.8.2->pandas->-r requirements.txt (line 5))
  Using cached six-1.17.0-py2.py3-none-any.whl.metadata (1.7 kB)
Requirement already satisfied: MarkupSafe>=2.0 in /home/fzliang/miniconda3/envs/mobind_repro/lib/python3.10/site-packages (from jinja2->torch>=2.0.0->-r requirements.txt (line 1)) (3.0.3)
Requirement already satisfied: mpmath<1.4,>=1.1.0 in /home/fzliang/miniconda3/envs/mobind_repro/lib/python3.10/site-packages (from sympy->torch>=2.0.0->-r requirements.txt (line 1)) (1.3.0)
Using cached scipy-1.15.3-cp310-cp310-manylinux_2_17_x86_64.manylinux2014_x86_64.whl (37.7 MB)
Using cached pandas-2.3.3-cp310-cp310-manylinux_2_24_x86_64.manylinux_2_28_x86_64.whl (12.8 MB)
Downloading omegaconf-2.3.1-py3-none-any.whl (79 kB)
Downloading wandb-0.28.0-py3-none-manylinux_2_28_x86_64.whl (26.8 MB)
   ━━━━━━━━━━━━━━━━━━━━━━━━━━━━━━━━━━━━━━━━ 26.8/26.8 MB 63.4 MB/s  0:00:00
Downloading protobuf-7.35.1-cp310-abi3-manylinux2014_x86_64.whl (327 kB)
Downloading pydantic-2.13.4-py3-none-any.whl (472 kB)
Downloading pydantic_core-2.46.4-cp310-cp310-manylinux_2_17_x86_64.manylinux2014_x86_64.whl (2.1 MB)
   ━━━━━━━━━━━━━━━━━━━━━━━━━━━━━━━━━━━━━━━━ 2.1/2.1 MB 67.4 MB/s  0:00:00
Downloading matplotlib-3.10.9-cp310-cp310-manylinux2014_x86_64.manylinux_2_17_x86_64.whl (8.8 MB)
   ━━━━━━━━━━━━━━━━━━━━━━━━━━━━━━━━━━━━━━━━ 8.8/8.8 MB 68.9 MB/s  0:00:00
Using cached seaborn-0.13.2-py3-none-any.whl (294 kB)
Using cached opencv_python-4.13.0.92-cp37-abi3-manylinux_2_28_x86_64.whl (72.9 MB)
Using cached annotated_types-0.7.0-py3-none-any.whl (13 kB)
Downloading click-8.4.1-py3-none-any.whl (116 kB)
Using cached contourpy-1.3.2-cp310-cp310-manylinux_2_17_x86_64.manylinux2014_x86_64.whl (325 kB)
Using cached cycler-0.12.1-py3-none-any.whl (8.3 kB)
Downloading fonttools-4.63.0-cp310-cp310-manylinux2014_x86_64.manylinux_2_17_x86_64.whl (4.9 MB)
   ━━━━━━━━━━━━━━━━━━━━━━━━━━━━━━━━━━━━━━━━ 4.9/4.9 MB 67.0 MB/s  0:00:00
Downloading gitpython-3.1.50-py3-none-any.whl (212 kB)
Downloading gitdb-4.0.12-py3-none-any.whl (62 kB)
Downloading smmap-5.0.3-py3-none-any.whl (24 kB)
Using cached kiwisolver-1.5.0-cp310-cp310-manylinux_2_12_x86_64.manylinux2010_x86_64.whl (1.6 MB)
Using cached pyparsing-3.3.2-py3-none-any.whl (122 kB)
Using cached python_dateutil-2.9.0.post0-py2.py3-none-any.whl (229 kB)
Downloading pytz-2026.2-py2.py3-none-any.whl (510 kB)
Using cached pyyaml-6.0.3-cp310-cp310-manylinux2014_x86_64.manylinux_2_17_x86_64.manylinux_2_28_x86_64.whl (770 kB)
Downloading sentry_sdk-2.63.0-py3-none-any.whl (495 kB)
Using cached six-1.17.0-py2.py3-none-any.whl (11 kB)
Using cached typing_inspection-0.4.2-py3-none-any.whl (14 kB)
Downloading tzdata-2026.2-py2.py3-none-any.whl (349 kB)
Downloading platformdirs-4.10.0-py3-none-any.whl (22 kB)
Building wheels for collected packages: antlr4-python3-runtime
  Building wheel for antlr4-python3-runtime (pyproject.toml): started
  Building wheel for antlr4-python3-runtime (pyproject.toml): finished with status 'done'
  Created wheel for antlr4-python3-runtime: filename=antlr4_python3_runtime-4.9.3-py3-none-any.whl size=144590 sha256=c0441bdcb05c9189470b23bbee2f2910a32e608c24329bf2e74511f53e5249cb
  Stored in directory: /home/fzliang/.cache/pip/wheels/12/93/dd/1f6a127edc45659556564c5730f6d4e300888f4bca2d4c5a88
Successfully built antlr4-python3-runtime
Installing collected packages: pytz, antlr4-python3-runtime, tzdata, typing-inspection, smmap, six, sentry-sdk, scipy, PyYAML, pyparsing, pydantic-core, protobuf, platformdirs, opencv-python, kiwisolver, fonttools, cycler, contourpy, click, annotated-types, python-dateutil, pydantic, omegaconf, gitdb, pandas, matplotlib, gitpython, wandb, seaborn

Successfully installed PyYAML-6.0.3 annotated-types-0.7.0 antlr4-python3-runtime-4.9.3 click-8.4.1 contourpy-1.3.2 cycler-0.12.1 fonttools-4.63.0 gitdb-4.0.12 gitpython-3.1.50 kiwisolver-1.5.0 matplotlib-3.10.9 omegaconf-2.3.1 opencv-python-4.13.0.92 pandas-2.3.3 platformdirs-4.10.0 protobuf-7.35.1 pydantic-2.13.4 pydantic-core-2.46.4 pyparsing-3.3.2 python-dateutil-2.9.0.post0 pytz-2026.2 scipy-1.15.3 seaborn-0.13.2 sentry-sdk-2.63.0 six-1.17.0 smmap-5.0.3 typing-inspection-0.4.2 tzdata-2026.2 wandb-0.28.0
